uuu_version 1.1.29
#uuu scripts for imx8qm revB board Android imx_pi9.0 sd card
CFG: FB: -vid 0x1fc9 -pid 0x0129
#SDPS: boot -f uuu-u-boot-imx8qm.imx
SDPS: boot -f flash.bin
FB[-t 10000]: ucmd mmc rescan
FB[-t 10000]: ucmd mmc list
FB[-t 10000]: ucmd mmc info
FB[-t 10000]: ucmd setenv mmcdev 1
FB[-t 10000]: ucmd setenv fastboot_dev mmc
FB[-t 10000]: ucmd mmc dev 1
FB[-t 10000]: ucmd mmc info


#FB: flash bootloader0 u-boot-imx8qm-xen-dom0.imx

#FB: ucmd mmc partconf 0 0 1 0

FB[-t 600000]: flash gpt device-partitions.img
FB: flash -raw2sparse all bootloader-xen.img

FB[-t 600000]: flash boot boot.img
# FB[-t 600000]: flash fs rootfs.ext4.img
# FB[-t 600000]: flash -raw2sparse fs core-image-minimal-imx8qmmek-20190824113550.rootfs.ext4
# FB[-t 600000]: flash -raw2sparse fs fsl-image-qt5-validation-imx-imx8qmmek-20190827013127.rootfs.ext4
FB[-t 600000]: flash -raw2sparse fs fsl-image-qt5-validation-imx-imx8qmmek-20190827062108.rootfs.ext4
# FB[-t 600000]: flash fs core-image-minimal-imx8qmmek-20180822022530.rootfs.ext4.img

# erase environment variables of uboot
# FB: ucmd mmc erase 0x2000 0x10


# FB[-t 600000]: flash bootloader0 u-boot-imx8qm-xen-dom0.imx

# FB: flash -raw2sparse all core-image-minimal-imx8qmmek-20190827050555.rootfs.sdcard


FB: done
